esptool.py --chip esp32s3 -p /dev/cu.usbmodem144101 -b 460800 --after watchdog_reset write_flash --flash_mode dio --flash_freq 80m --flash_size 8MB 0x0 bootloader/bootloader.bin 0x10000 voicekey.bin 0x8000 partition_table/partition-table.bin 0x410000 srmodels/srmodels.bin
esptool.py v4.12.0
Serial port /dev/cu.usbmodem144101
Connecting...
Chip is ESP32-S3 (QFN56) (revision v0.2)
Features: WiFi, BLE, Embedded PSRAM 8MB (AP_3v3)
Crystal is 40MHz
USB mode: USB-Serial/JTAG
MAC: 68:ee:8f:46:c6:2c
Uploading stub...
Running stub...
Stub running...
Changing baud rate to 460800
Changed.
Configuring flash size...
Flash will be erased from 0x00000000 to 0x00005fff...
Flash will be erased from 0x00010000 to 0x00074fff...
Flash will be erased from 0x00008000 to 0x00008fff...
Flash will be erased from 0x00410000 to 0x00457fff...
SHA digest in image updated
Compressed 22464 bytes to 14257...
Writing at 0x00000000... (100 %)
Wrote 22464 bytes (14257 compressed) at 0x00000000 in 0.4 seconds (effective 493.1 kbit/s)...
Hash of data verified.
Compressed 413504 bytes to 219459...
Writing at 0x00010000... (7 %)
Writing at 0x0001bfcb... (14 %)
Writing at 0x00023128... (21 %)
Writing at 0x0002952c... (28 %)
Writing at 0x0002f385... (35 %)
Writing at 0x000362ae... (42 %)
Writing at 0x00040e5f... (50 %)
Writing at 0x00046e20... (57 %)
Writing at 0x0004cfd0... (64 %)
Writing at 0x00053217... (71 %)
Writing at 0x0005d821... (78 %)
Writing at 0x00065d25... (85 %)
Writing at 0x0006bdaa... (92 %)
Writing at 0x0007232a... (100 %)
Wrote 413504 bytes (219459 compressed) at 0x00010000 in 2.5 seconds (effective 1300.1 kbit/s)...
Hash of data verified.
Compressed 3072 bytes to 120...
Writing at 0x00008000... (100 %)
Wrote 3072 bytes (120 compressed) at 0x00008000 in 0.0 seconds (effective 544.2 kbit/s)...
Hash of data verified.
Compressed 291044 bytes to 229156...
Writing at 0x00410000... (7 %)
Writing at 0x00414d17... (14 %)
Writing at 0x0041a338... (21 %)
Writing at 0x0041f1d6... (28 %)
Writing at 0x004235f0... (35 %)
Writing at 0x004282f4... (42 %)
Writing at 0x0042d9d7... (50 %)
Writing at 0x00432c2a... (57 %)
Writing at 0x004386cb... (64 %)
Writing at 0x0043e216... (71 %)
Writing at 0x00443518... (78 %)
Writing at 0x00447b43... (85 %)
Writing at 0x0044c96e... (92 %)
Writing at 0x0045254c... (100 %)
Wrote 291044 bytes (229156 compressed) at 0x00410000 in 1.9 seconds (effective 1214.7 kbit/s)...
Hash of data verified.

Leaving...
Hard resetting with a watchdog...
