esptool.py --chip esp32s3 -p /dev/cu.usbmodem144101 -b 460800 --before default_reset --after hard_reset write_flash --flash_mode dio --flash_freq 80m --flash_size 8MB 0x0 bootloader/bootloader.bin 0x10000 voicekey_diagnostic.bin 0x8000 partition_table/partition-table.bin
esptool.py v4.12.0
Serial port /dev/cu.usbmodem144101
Connecting...
Chip is ESP32-S3 (QFN56) (revision v0.2)
Features: WiFi, BLE, Embedded PSRAM 8MB (AP_3v3)
Crystal is 40MHz
USB mode: USB-Serial/JTAG
MAC: 68:ee:8f:46:c6:2c
Uploading stub...
Running stub...
Stub running...
Changing baud rate to 460800
Changed.
Configuring flash size...
Flash will be erased from 0x00000000 to 0x00005fff...
Flash will be erased from 0x00010000 to 0x00041fff...
Flash will be erased from 0x00008000 to 0x00008fff...
SHA digest in image updated
Compressed 22496 bytes to 14282...
Writing at 0x00000000... (100 %)
Wrote 22496 bytes (14282 compressed) at 0x00000000 in 0.4 seconds (effective 511.3 kbit/s)...
Hash of data verified.
Compressed 202032 bytes to 110296...
Writing at 0x00010000... (14 %)
Writing at 0x0001caf0... (28 %)
Writing at 0x00022f02... (42 %)
Writing at 0x000299be... (57 %)
Writing at 0x000300f4... (71 %)
Writing at 0x00036236... (85 %)
Writing at 0x0003c8f6... (100 %)
Wrote 202032 bytes (110296 compressed) at 0x00010000 in 1.3 seconds (effective 1275.7 kbit/s)...
Hash of data verified.
Compressed 3072 bytes to 120...
Writing at 0x00008000... (100 %)
Wrote 3072 bytes (120 compressed) at 0x00008000 in 0.0 seconds (effective 541.8 kbit/s)...
Hash of data verified.

Leaving...
Hard resetting via RTS pin...
