Checking "python3" ...
Python 3.11.16
"python3" has been detected
Activating ESP-IDF 5.5
Setting IDF_PATH to '/Users/joy/esp/esp-idf-v5.5.2'.
* Checking python version ... 3.11.16
* Checking python dependencies ... OK
* Deactivating the current ESP-IDF environment (if any) ... OK
* Establishing a new ESP-IDF environment ... OK
* Identifying shell ... bash
* Detecting outdated tools in system ... OK - no outdated tools found
* Shell completion ... Autocompletion code generated
WARNING: Failed to load shell autocompletion for bash version: 3.2.57(1)-release!

Done! You can now compile ESP-IDF projects.
Go to the project directory and run:

  idf.py build
PASS: cached configuration is XIAO8MB/Octal/noUART
Executing action: all (aliases: build)
Running ninja in directory /Users/joy/projects/LMic/firmware/build
Executing "ninja all"...
[1/18] Building C object esp-idf/main/CMakeFiles/__idf_main.dir/app_main.c.obj
[2/18] Building C object esp-idf/main/CMakeFiles/__idf_main.dir/board.c.obj
[3/18] Building C object esp-idf/voicekey_core/CMakeFiles/__idf_voicekey_core.dir/voicekey_audio.c.obj
[4/18] Building C object esp-idf/voicekey_core/CMakeFiles/__idf_voicekey_core.dir/voicekey_core.c.obj
[5/18] Building C object esp-idf/voicekey_usb/CMakeFiles/__idf_voicekey_usb.dir/usb_device.c.obj
[6/18] Performing build step for 'bootloader'
[1/1] cd /Users/joy/projects/LMic/firmware/build/bootloader/esp-idf/esptool_py && /Users/joy/.espressif/python_env/idf5.5_py3.11_env/bin/python /Users/joy/esp/esp-idf-v5.5.2/components/partition_table/check_sizes.py --offset 0x8000 bootloader 0x0 /Users/joy/projects/LMic/firmware/build/bootloader/bootloader.bin
Bootloader binary size 0x57c0 bytes. 0x2840 bytes (31%) free.
[7/18] Linking C static library esp-idf/voicekey_core/libvoicekey_core.a
[8/18] No install step for 'bootloader'
[9/18] Building C object esp-idf/main/CMakeFiles/__idf_main.dir/runtime.c.obj
[10/18] Building C object esp-idf/main/CMakeFiles/__idf_main.dir/audio_input.c.obj
[11/18] Building C object esp-idf/main/CMakeFiles/__idf_main.dir/wake_engine.c.obj
[12/18] Linking C static library esp-idf/voicekey_usb/libvoicekey_usb.a
[13/18] Completed 'bootloader'
[14/18] Linking C static library esp-idf/main/libmain.a
[15/18] Generating esp-idf/esp_system/ld/sections.ld
[16/18] Linking CXX executable voicekey.elf
[17/18] Generating binary image from built executable
esptool.py v4.12.0
Creating esp32s3 image...
Merged 2 ELF sections
Successfully created esp32s3 image.
Generated /Users/joy/projects/LMic/firmware/build/voicekey.bin
[18/18] cd /Users/joy/projects/LMic/firmware/build/esp-idf/esptool_py && /Users/joy/.espressif/python_env/idf5.5_py3.11_env/bin/python /Users/joy/esp/esp-idf-v5.5.2/components/partition_table/check_sizes.py --offset 0x8000 partition --type app /Users/joy/projects/LMic/firmware/build/partition_table/partition-table.bin /Users/joy/projects/LMic/firmware/build/voicekey.bin
voicekey.bin binary size 0x64a90 bytes. Smallest app partition is 0x400000 bytes. 0x39b570 bytes (90%) free.

Project build complete. To flash, run:
 idf.py flash
or
 idf.py -p PORT flash
or
 python -m esptool --chip esp32s3 -b 460800 --before default_reset --after hard_reset write_flash --flash_mode dio --flash_size 8MB --flash_freq 80m 0x0 build/bootloader/bootloader.bin 0x8000 build/partition_table/partition-table.bin 0x10000 build/voicekey.bin 0x410000 build/srmodels/srmodels.bin
or from the "/Users/joy/projects/LMic/firmware/build" directory
 python -m esptool --chip esp32s3 -b 460800 --before default_reset --after hard_reset write_flash "@flash_args"
bootloader/bootloader.bin | 0x0 | 22464 | 85ab3f61e5d257cb9d1be152ae3a0e2111460b407df352991f8e60456765c71d
voicekey.bin | 0x10000 | 412304 | 25f0abd26822c59c98e191c1b8aef6acdf0ecbaa3a3655908eac0b2fdb0f8c8f
partition_table/partition-table.bin | 0x8000 | 3072 | 2b20bd22ecb09964c233a82504470c6818863aea98e4250ea4321d9e88fe8a10
srmodels/srmodels.bin | 0x410000 | 291142 | 2a162e78cb30938d9c55172df2a1b0f9bee307f8ee27ddf90e3ffbcd8ece736a
PASS: 8 MB headers/configuration, partition MD5/integrity/types/flags/bounds, NVS/PHY, 4 MB app, 3 MB model, no OTA or led_strip
